<html>
<body>
<pre>
<h1>µVision Build Log</h1>
<h2>Tool Versions:</h2>
IDE-Version: µVision V5.26.2.0
Copyright (C) 2018 ARM Ltd and ARM Germany GmbH. All rights reserved.
License Information: Pragna Subrahmanya, University of Texas at Austin, LIC=IC9UH-FTMHK-EFTDG-DCTWZ-0CQLW-6DJ2R
 
Tool Versions:
Toolchain:       MDK-ARM Professional  Version: 5.26.2.0
Toolchain Path:  C:\Keil_v5\ARM\ARMCC\Bin
C Compiler:      Armcc.exe V5.06 update 6 (build 750)
Assembler:       Armasm.exe V5.06 update 6 (build 750)
Linker/Locator:  ArmLink.exe V5.06 update 6 (build 750)
Library Manager: ArmAr.exe V5.06 update 6 (build 750)
Hex Converter:   FromElf.exe V5.06 update 6 (build 750)
CPU DLL:         SARMCM3.DLL V5.26.2.0
Dialog DLL:      DCM.DLL V1.17.2.0
Target DLL:      lmidk-agdi.dll V???
Dialog DLL:      TCM.DLL V1.36.1.0
 
<h2>Project:</h2>
C:\Keil_v5\EE319KwareSpring2019\Lab10_EE319K\SpaceInvaders.uvprojx
Project File Date:  05/04/2019

<h2>Output:</h2>
*** Using Compiler 'V5.06 update 6 (build 750)', folder: 'C:\Keil_v5\ARM\ARMCC\Bin'
Build target 'SpaceInvaders'
compiling SpaceInvaders.c...
SpaceInvaders.c(163): warning:  #223-D: function "DrawPiece" declared implicitly
  			DrawPiece(PIECE[random].type, PIECE[random].orientation, PIECE[random].posx, PIECE[random].posy);
SpaceInvaders.c(164): warning:  #223-D: function "DrawGrid" declared implicitly
  			DrawGrid();
SpaceInvaders.c(167): warning:  #223-D: function "isMovePossible" declared implicitly
  			while(isMovePossible(PIECE[random].posx, PIECE[random].posy+1, PIECE[random].type, PIECE[random].orientation))		//checking next position in grid
SpaceInvaders.c: 3 warnings, 0 errors
linking...
Program Size: Code=4448 RO-data=3252 RW-data=248 ZI-data=1968  
".\SpaceInvaders.axf" - 0 Error(s), 3 Warning(s).

<h2>Software Packages used:</h2>

Package Vendor: ARM
                http://www.keil.com/pack/ARM.CMSIS.5.4.0.pack
                ARM.CMSIS.5.4.0
                CMSIS (Cortex Microcontroller Software Interface Standard)
   * Component: CORE Version: 5.1.2

Package Vendor: Keil
                http://www.keil.com/pack/Keil.TM4C_DFP.1.1.0.pack
                Keil.TM4C_DFP.1.1.0
                Texas Instruments Tiva C Series Device Support and Examples

<h2>Collection of Component include folders:</h2>
  .\RTE\_SpaceInvaders
  C:\Keil_v5\ARM\PACK\ARM\CMSIS\5.4.0\CMSIS\Core\Include
  C:\Keil_v5\ARM\PACK\Keil\TM4C_DFP\1.1.0\Device\Include\TM4C123

<h2>Collection of Component Files used:</h2>

   * Component: ARM::CMSIS:CORE:5.1.2
Build Time Elapsed:  00:00:00
</pre>
</body>
</html>
